23:53:34 **** Build of configuration Debug for project EnablePeriClk ****
make -j8 all 
arm-none-eabi-gcc "../Src/main.c" -mcpu=cortex-m4 -std=gnu11 -g3 -DDEBUG -DSTM32F429I_DISC1 -DSTM32 -DSTM32F429ZITx -DSTM32F4 -c -I../Inc -O0 -ffunction-sections -fdata-sections -Wall -fstack-usage -MMD -MP -MF"Src/main.d" -MT"Src/main.o" --specs=nano.specs -mfpu=fpv4-sp-d16 -mfloat-abi=hard -mthumb -o "Src/main.o"
arm-none-eabi-gcc -o "EnablePeriClk.elf" @"objects.list"   -mcpu=cortex-m4 -T"D:\My_Workspace\MCU1\EnablePeriClk\STM32F429ZITX_FLASH.ld" --specs=nosys.specs -Wl,-Map="EnablePeriClk.map" -Wl,--gc-sections -static --specs=nano.specs -mfpu=fpv4-sp-d16 -mfloat-abi=hard -mthumb -Wl,--start-group -lc -lm -Wl,--end-group
Finished building target: EnablePeriClk.elf
 
arm-none-eabi-size   EnablePeriClk.elf 
arm-none-eabi-objdump -h -S  EnablePeriClk.elf  > "EnablePeriClk.list"
arm-none-eabi-objcopy  -O binary  EnablePeriClk.elf  "EnablePeriClk.bin"
   text	   data	    bss	    dec	    hex	filename
    720	      8	   1568	   2296	    8f8	EnablePeriClk.elf
Finished building: default.size.stdout
 
Finished building: EnablePeriClk.bin
 
Finished building: EnablePeriClk.list
 

23:53:38 Build Finished. 0 errors, 0 warnings. (took 4s.607ms)

